hawi_ak992x_0.json
hawi_ak992x_platform_0.json
hawi_bu52053nvx_0.json
hawi_ccd_base.json
hawi_ccd_v6_0_amd.json
hawi_ccd_v6_0_regs.json
hawi_ccd_v6_0_sensors.json
hawi_ccd_v6_0_walk.json
hawi_default_sensors.json
hawi_dynamic_sensors.json
hawi_fcal_ak992x_0.json
hawi_hdk_lsm6dsv_0.json
hawi_hdk_lsm6dsv_1.json
hawi_irq.json
hawi_lps22df_0.json
hawi_lsm6dsv_0.json
hawi_lsm6dsv_1.json
hawi_mtp_lsm6dsv_0.json
hawi_mtp_lsm6dsv_1.json
hawi_power_0.json
hawi_qrd_default_sensors.json
hawi_qrd_lsm6dsv_0.json
hawi_qrd_lsm6dsv_1.json
hawi_qrd_ak992x_0.json
hawi_qrdv2_ak992x_0.json
hawi_qrd_tmd3765_0.json
hawi_qsh_ble_0.json
hawi_sht4x_0.json
hawi_sx932x_0.json
hawi_tmd3765_0.json
hawi_vertigo_lsm6dsv_0.json
hawi_vertigo_lsm6dsv_1.json
qsh_ble.json
qsh_camera_common.json
qsh_camera_common_sm8950.json
qsh_camera_imx688_6.json
qsh_camera_imx688_6_actuator.json
qsh_camera_ov32c4c_4.json
qsh_camera_ov32c4c_4_sm8950.json
qsh_camera_s5kjn5_3.json
qsh_camera_s5kjn5_3_sm8950.json
qsh_camera_s5kjn5_3_actuator.json
qsh_camera_s5kjn5_3_actuator_sm8950.json
sns_amd.json
sns_aont.json
sns_cm.json
sns_dae.json
sns_device_orient.json
sns_diag_filter.json
sns_direct_channel.json
sns_distance_bound.json
sns_dpc.json
sns_flight_md.json
sns_fmv.json
sns_gyro_cal.json
sns_mag_cal.json
sns_offbody_detect_phone.json
sns_pedometer.json
sns_rmd.json
sns_rotv.json
sns_smd.json
sns_tilt.json
sns_tilt_to_wake.json
sns_transport_ppe.json
maili_ak992x_0.json
maili_ak992x_platform_0.json
maili_bu52053nvx_0.json
maili_ccd_base.json
maili_ccd_v6_0_amd.json
maili_ccd_v6_0_regs.json
maili_ccd_v6_0_sensors.json
maili_ccd_v6_0_walk.json
maili_default_sensors.json
maili_dynamic_sensors.json
maili_fcal_ak992x_0.json
maili_hdk_lsm6dsv_0.json
maili_hdk_lsm6dsv_1.json
maili_irq.json
maili_lps22df_0.json
maili_lsm6dsv_0.json
maili_lsm6dsv_1.json
maili_mtp_lsm6dsv_0.json
maili_mtp_lsm6dsv_1.json
maili_power_0.json
maili_qrd_default_sensors.json
maili_qrd_lsm6dsv_0.json
maili_qrd_lsm6dsv_1.json
hawi_qrdv2_lsm6dsv_0.json
hawi_qrdv2_lsm6dsv_1.json
maili_qrd_ak992x_0.json
maili_qrd_tmd3765_0.json
maili_qsh_ble_0.json
maili_sht4x_0.json
maili_sx932x_0.json
maili_tmd3765_0.json
maili_vertigo_lsm6dsv_0.json
maili_vertigo_lsm6dsv_1.json