8480_ccd_base.json
8480_crd_lsm6dsv_0.json
8480_crd_lsm6dsv_1.json
8480_crd_mmc56x3x_0.json
8480_crd_tcs3530_0.json
8480_default_sensors.json
8480_dynamic_sensors.json
8480_idp_lsm6dsv_0.json
8480_idp_lsm6dsv_1.json
8480_idp_mmc56x3x_0.json
8480_idp_tcs3530_0.json
8480_irq.json
8480_lps22df_0.json
8480_lsm6dsv_0.json
8480_lsm6dsv_1.json
8480_mmc56x3x_0.json
8480_power_0.json
8480_qsh_ble_0.json
8480_vertigo_lsm6dsv_0.json
8480_vertigo_lsm6dsv_1.json
8480_vertigo_mmc56x3x_0.json
qsh_ble.json
sns_amd.json
sns_amd_sw_enabled.json
sns_aont.json
sns_cal.json
sns_ccd_v1_0_amd.json
sns_ccd_v3_1_walk.json
sns_ccd_v6_0.json
sns_ccd_v6_0_sensors.json
sns_ccd_v6_0_te_cd_regs.json
sns_cm.json
sns_dae.json
sns_diag_filter.json
sns_direct_channel.json
sns_distance_bound.json
sns_dpc.json
sns_fmv.json
sns_geomag_rv.json
sns_gyro_cal.json
sns_inbag_detect.json
sns_mag_cal.json
sns_offbody_detect_phone.json
sns_pedometer.json
sns_psd_disable.json
sns_rmd.json
sns_rotv.json
sns_sim.json
sns_smd.json
sns_tilt.json
sns_tilt_sw_enabled.json
sns_tilt_to_wake.json
sns_transport_ppe.json
stm_lid_angle.json
qsh_camera_common.json
qsh_camera_ov08x_2.json
qsh_camera_ov08x_3.json
qsh_ec.json
8480_crd_r2_lsm6dsv_0.json
8480_crd_r2_lsm6dsv_1.json
qsh_battery.json
8480_idp_cob_lsm6dsv_0.json
8480_idp_cob_lsm6dsv_1.json






