kodiak_ak991x_0.json
kodiak_bu52053nvx_0.json
kodiak_default_sensors.json
kodiak_dynamic_sensors.json
kodiak_idp_ak991x_0.json
kodiak_idp_lsm6dst_0.json
kodiak_idp_lsm6dst_1.json
kodiak_irq.json
kodiak_lps22hh_0.json
kodiak_lsm6dst_0.json
kodiak_lsm6dst_1.json
kodiak_power_0.json
kodiak_sx932x_0.json
kodiak_tmd3702_0.json
qcm6490_default_sensors.json
qcm6490_power_0.json
qcm6490_rbx_icm4x6xx_0.json
qcm6490_rbx_navmez_icm4x6xx_0.json
qcm6490_rbx_navmezz_icp101xx_0.json
qcm6490_rbx_navmez_ak991x_0.json
sns_amd.json
sns_amd_sw_disabled.json
sns_amd_sw_enabled.json
sns_aont.json
sns_basic_gestures.json
sns_bring_to_ear.json
sns_ccd_v1_0_amd.json
sns_ccd_v1_0_ttw.json
sns_ccd_v2_0_walk.json
sns_ccd_v3_0_walk.json
sns_ccd_v3_1_walk.json
sns_ccd_v4_0_sensors.json
sns_ccd_v4_0_te_cd_regs.json
sns_ccd_v5.json
sns_ccd_v5_0_te_cd_regs.json
sns_ccd_v5_1_te_cd_regs.json
sns_cm.json
sns_dae.json
sns_device_orient.json
sns_diag_filter.json
sns_direct_channel.json
sns_distance_bound.json
sns_dpc.json
sns_facing.json
sns_flight_md.json
sns_fmv.json
sns_fmv_legacy.json
sns_gyro_cal.json
sns_heart_rate.json
sns_mag_cal.json
sns_mag_cal_legacy.json
sns_multishake.json
sns_offbody_detect_phone.json
sns_pedometer.json
sns_presence_detect.json
sns_psd_disable.json
sns_psd_enable.json
sns_rmd.json
sns_rotv.json
sns_smd.json
sns_tilt.json
sns_tilt_sw_disabled.json
sns_tilt_sw_enabled.json
sns_tilt_to_wake.json
sns_transport_ppe.json
sns_wrist_pedo.json
kodiak_psd_enable.json
kodiak_gyro_cal.json
default_sensors.json
8380_irq.json
8380_sns_tilt_sw_disabled.json
8380_sns_tilt_sw_enabled.json
8380_ak991x_dri_0.json
8380_ak991x_dri_1.json
8380_sns_amd_sw_disabled.json
8380_sns_geomag_rv.json
8380_stm_lid_angle.json
8380_crd_ak991x_display.json
8380_crd_ak991x_keyboard.json
8380_crd_tcs3430_0.json
8380_crd_tmd2755.json
8380_crd_lsm6dsv_display.json
8380_crd_lsm6dsv_keyboard.json
8380_dynamic_sensors.json
8380_bu52053nvx_0.json
8380_lps22df_0.json
8380_lsm6dsv_0.json
8380_lsm6dsv_0_16g.json
8380_lsm6dsv_1.json
8380_lsm6dsv_1_16g.json
8380_power_0.json
8380_qsh_ble_0.json
8380_sns_amd_sw_enabled.json
8380_sns_sim.json
8380_sns_ccd.json
pakala_ccd_base.json
pakala_default_sensors.json
pakala_dynamic_sensors.json
pakala_dynamic_sensors_template.json
pakala_irq.json
pakala_power_0.json
pakala_lps22df_0.json
pakala_bu52053nvx_0.json
pakala_sht4x_0.json
pakala_sx932x_0.json
pakala_vertigo_lsm6dso_0.json
pakala_vertigo_lsm6dso_1.json
pakala_lsm6dso_0.json
pakala_lsm6dso_1.json
pakala_hdk_lsm6dso_0.json
pakala_hdk_lsm6dso_1.json
pakala_mtp_lsm6dso_0.json
pakala_mtp_lsm6dso_1.json
pakala_qrd_icm4x6xx_0.json
pakala_mmc56x3x_0.json
pakala_qrd_mmc56x3x_0.json
pakala_fcal_mmc56x3x_0.json
pakala_mtp_mmc56x3x_0.json
pakala_vertigo_mmc56x3x_0.json
pakala_tmd3765_0.json
pakala_qrd_tmd3765_0.json
pakala_ccd_v6_0_amd.json
pakala_ccd_v6_0_regs.json
pakala_ccd_v6_0_sensors.json
pakala_ccd_v6_0_walk.json
pakala_dae.json
pakala_qrd_default_sensors.json
kaanapali_ccd_base.json
kaanapali_default_sensors.json
kaanapali_qrd_default_sensors.json
kaanapali_dynamic_sensors.json
kaanapali_irq.json
kaanapali_power_0.json
kaanapali_lps22df_0.json
kaanapali_bu52053nvx_0.json
kaanapali_sht4x_0.json
kaanapali_sx932x_0.json
kaanapali_qsh_ble_0.json
kaanapali_mmc56x3x_0.json
kaanapali_fcal_mmc56x3x_0.json
kaanapali_vertigo_mmc56x3x_0.json
kaanapali_qrd_mmc56x3x_0.json
kaanapali_qrdv2_mmc56x3x_0.json
kaanapali_tmd3765_0.json
kaanapali_qrd_tmd3765_0.json
kaanapali_ccd_v6_0_amd.json
kaanapali_ccd_v6_0_regs.json
kaanapali_ccd_v6_0_sensors.json
kaanapali_ccd_v6_0_walk.json
kaanapali_dae.json
kaanapali_lsm6dsv_0.json
kaanapali_lsm6dsv_1.json
kaanapali_qrd_lsm6dsv_0.json
kaanapali_mtp_lsm6dsv_0.json
kaanapali_mtp_lsm6dsv_1.json
kaanapali_vertigo_lsm6dsv_1.json
kaanapali_vertigo_lsm6dsv_0.json
kaanapali_hdk_lsm6dsv_0.json
kaanapali_hdk_lsm6dsv_1.json
kaanapali_mtp_mmc56x3x_0.json
kaanapali_hdk_mmc56x3x_0.json
kaanapali_hdk_sx932x_0.json
kaanapali_hdk_tmd3765_0.json
kaanapali_hdk_bu52053nvx_0.json
8480_ccd_base.json
8480_crd_lsm6dsv_0.json
8480_crd_lsm6dsv_1.json
8480_crd_mmc56x3x_0.json
8480_crd_tcs3530_0.json
8480_default_sensors.json
8480_dynamic_sensors.json
8480_idp_lsm6dsv_0.json
8480_idp_lsm6dsv_1.json
8480_idp_mmc56x3x_0.json
8480_idp_tcs3530_0.json
8480_irq.json
8480_lps22df_0.json
8480_lsm6dsv_0.json
8480_lsm6dsv_1.json
8480_mmc56x3x_0.json
8480_power_0.json
8480_qsh_ble_0.json
8480_vertigo_lsm6dsv_0.json
8480_vertigo_lsm6dsv_1.json
8480_vertigo_mmc56x3x_0.json
8480_crd_r2_lsm6dsv_0.json
8480_crd_r2_lsm6dsv_1.json
8480_idp_cob_lsm6dsv_0.json
8480_idp_cob_lsm6dsv_1.json
agatti_ak991x_0.json
agatti_bmp285_0.json
agatti_bu52053nvx_0.json
agatti_default_sensors.json
agatti_lsm6dso_0.json
agatti_power_0.json
agatti_qrd_ak991x_0.json
agatti_qrd_lsm6dso_0.json
agatti_qrd_tmd2725.json
agatti_tmd2725.json
shikra_cq_bmi3x0_0.json
shikra_cq_lps22df_0.json
shikra_cq_mmc56x3x_0.json
shikra_cq_sht4x_0.json
shikra_cq_tmd2755_0.json
shikra_cq_itp_mmc56x3x_0.json
shikra_cq_vertigo_mmc56x3x_0.json
shikra_iq_bmi3x0_0.json
shikra_iq_lps22df_0.json
shikra_iq_sht4x_0.json
sensing_hub_info.json
talos_bmi3x0_0.json
talos_sht4x_0.json
talos_lps22df_0.json
talos_evk_power_0.json