pakala_ccd_base.json
pakala_default_sensors.json
pakala_dynamic_sensors.json
pakala_dynamic_sensors_template.json
pakala_irq.json
pakala_power_0.json
pakala_lps22df_0.json
pakala_bu52053nvx_0.json
pakala_sht4x_0.json
pakala_sx932x_0.json
pakala_vertigo_lsm6dso_0.json
pakala_vertigo_lsm6dso_1.json
pakala_lsm6dso_0.json
pakala_lsm6dso_1.json
pakala_hdk_lsm6dso_0.json
pakala_hdk_lsm6dso_1.json
pakala_mtp_lsm6dso_0.json
pakala_mtp_lsm6dso_1.json
pakala_qrd_icm4x6xx_0.json
pakala_mmc56x3x_0.json
pakala_qrd_mmc56x3x_0.json
pakala_fcal_mmc56x3x_0.json
pakala_mtp_mmc56x3x_0.json
pakala_vertigo_mmc56x3x_0.json
pakala_tmd3765_0.json
pakala_qrd_tmd3765_0.json
qsh_camera_common.json
qsh_camera_imx688_6.json
qsh_camera_imx688_6_actuator.json
qsh_camera_ov32c4c_4.json
qsh_camera_s5kjn5.json
qsh_camera_s5kjn5_actuator.json
sns_amd.json
sns_aont.json
pakala_ccd_v6_0_amd.json
pakala_ccd_v6_0_regs.json
pakala_ccd_v6_0_sensors.json
pakala_ccd_v6_0_walk.json
sns_cm.json
pakala_dae.json
sns_device_orient.json
sns_diag_filter.json
sns_direct_channel.json
sns_distance_bound.json
sns_dpc.json
sns_flight_md.json
sns_fmv.json
sns_gyro_cal.json
sns_mag_cal.json
sns_offbody_detect_phone.json
sns_pedometer.json
sns_rmd.json
sns_rotv.json
sns_smd.json
sns_tilt.json
sns_tilt_to_wake.json
sns_transport_ppe.json
pakala_qrd_default_sensors.json
