sns_amd.json
sns_amd_sw_disabled.json
sns_amd_sw_enabled.json
sns_aont.json
sns_basic_gestures.json
sns_bring_to_ear.json
sns_ccd.json
sns_ccd_v2_walk.json
sns_ccd_v3_walk.json
sns_cm.json
sns_dae.json
sns_device_orient.json
sns_diag_filter.json
sns_distance_bound.json
sns_dpc.json
sns_facing.json
sns_fmv.json
sns_geomag_rv.json
sns_gyro_cal.json
sns_heart_rate.json
sns_mag_cal.json
sns_mag_cal_legacy.json
sns_multishake.json
sns_pedometer.json
sns_rmd.json
sns_rotv.json
sns_smd.json
sns_tilt.json
sns_tilt_sw_disabled.json
sns_tilt_sw_enabled.json
sns_tilt_to_wake.json
agatti_ak991x_0.json
agatti_bmp285_0.json
agatti_bu52053nvx_0.json
agatti_default_sensors.json
agatti_lsm6dso_0.json
agatti_power_0.json
agatti_qrd_ak991x_0.json
agatti_qrd_lsm6dso_0.json
agatti_qrd_tmd2725.json
agatti_tmd2725.json