8380_sns_amd_sw_enabled.json
8380_sns_sim.json
8380_sns_ccd.json
sns_transport_ppe.json
sns_tilt_to_wake.json
sns_tilt.json
sns_smd.json
sns_rotv.json
sns_rmd.json
sns_reg_config
sns_pedometer.json
sns_offbody_detect_phone.json
sns_mag_cal.json
sns_gyro_cal.json
sns_fmv.json
sns_flight_md.json
sns_dpc.json
sns_distance_bound.json
sns_direct_channel.json
sns_diag_filter.json
sns_device_orient.json
sns_dae.json
sns_cm.json
sns_aont.json
sns_amd.json
default_sensors.json
8380_irq.json
8380_sns_tilt_sw_disabled.json
8380_sns_tilt_sw_enabled.json
8380_ak991x_dri_0.json
8380_ak991x_dri_1.json
8380_sns_amd_sw_disabled.json
8380_sns_geomag_rv.json
8380_stm_lid_angle.json
json.lst
8380_crd_ak991x_display.json
8380_crd_ak991x_keyboard.json
8380_crd_tcs3430_0.json
8380_crd_tmd2755.json
8380_crd_lsm6dsv_display.json
8380_crd_lsm6dsv_keyboard.json
8380_dynamic_sensors.json
8380_lps22df_0.json
8380_lsm6dsv_0.json
8380_lsm6dsv_0_16g.json
8380_lsm6dsv_1.json
8380_lsm6dsv_1_16g.json
8380_bu52053nvx_0.json
8380_power_0.json
8380_qsh_ble_0.json
