kodiak_ak991x_0.json
kodiak_bu52053nvx_0.json
kodiak_default_sensors.json
kodiak_dynamic_sensors.json
kodiak_idp_ak991x_0.json
kodiak_idp_lsm6dst_0.json
kodiak_idp_lsm6dst_1.json
kodiak_irq.json
kodiak_lps22hh_0.json
kodiak_lsm6dst_0.json
kodiak_lsm6dst_1.json
kodiak_power_0.json
kodiak_sx932x_0.json
kodiak_tmd3702_0.json
qcm6490_default_sensors.json
qcm6490_power_0.json
qcm6490_rbx_icm4x6xx_0.json
qcm6490_rbx_navmez_icm4x6xx_0.json
qcm6490_rbx_navmezz_icp101xx_0.json
qcm6490_rbx_navmez_ak991x_0.json
sns_amd.json
sns_amd_sw_disabled.json
sns_amd_sw_enabled.json
sns_aont.json
sns_basic_gestures.json
sns_bring_to_ear.json
sns_ccd_v1_0_amd.json
sns_ccd_v1_0_ttw.json
sns_ccd_v2_0_walk.json
sns_ccd_v3_0_walk.json
sns_ccd_v3_1_walk.json
sns_ccd_v4_0_sensors.json
sns_ccd_v4_0_te_cd_regs.json
sns_ccd_v5.json
sns_ccd_v5_0_te_cd_regs.json
sns_ccd_v5_1_te_cd_regs.json
sns_cm.json
sns_dae.json
sns_device_orient.json
sns_diag_filter.json
sns_direct_channel.json
sns_distance_bound.json
sns_dpc.json
sns_facing.json
sns_flight_md.json
sns_fmv.json
sns_fmv_legacy.json
sns_gyro_cal.json
sns_heart_rate.json
sns_mag_cal.json
sns_mag_cal_legacy.json
sns_multishake.json
sns_offbody_detect_phone.json
sns_pedometer.json
sns_presence_detect.json
sns_psd_disable.json
sns_psd_enable.json
sns_rmd.json
sns_rotv.json
sns_smd.json
sns_tilt.json
sns_tilt_sw_disabled.json
sns_tilt_sw_enabled.json
sns_tilt_to_wake.json
sns_transport_ppe.json
sns_wrist_pedo.json
kodiak_psd_enable.json
kodiak_gyro_cal.json
