kaanapali_ak991x_0.json
kaanapali_mtp_ak991x_platform_0.json
kaanapali_vertigo_ak991x_platform_0.json
kaanapali_ccd_base.json
kaanapali_default_sensors.json
kaanapali_qrd_default_sensors.json
kaanapali_dynamic_sensors.json
kaanapali_irq.json
kaanapali_power_0.json
kaanapali_lps22df_0.json
kaanapali_bu52053nvx_0.json
kaanapali_sht4x_0.json
kaanapali_sx932x_0.json
kaanapali_qsh_ble_0.json
kaanapali_mmc56x3x_0.json
kaanapali_fcal_mmc56x3x_0.json
kaanapali_vertigo_mmc56x3x_0.json
kaanapali_qrd_mmc56x3x_0.json
kaanapali_qrdv2_mmc56x3x_0.json
kaanapali_tmd3765_0.json
kaanapali_qrd_tmd3765_0.json
qsh_camera_common.json
qsh_camera_common_sm8845.json
qsh_camera_imx688_6.json
qsh_camera_imx688_6_actuator.json
qsh_camera_ov32c4c_4.json
qsh_camera_ov32c4c_4_sm8845.json
qsh_camera_s5kjn5_3.json
qsh_camera_s5kjn5_3_actuator.json
sns_amd.json
sns_aont.json
kaanapali_ccd_v6_0_amd.json
kaanapali_ccd_v6_0_regs.json
kaanapali_ccd_v6_0_sensors.json
kaanapali_ccd_v6_0_walk.json
sns_cm.json
kaanapali_dae.json
sns_device_orient.json
sns_diag_filter.json
sns_direct_channel.json
sns_distance_bound.json
sns_dpc.json
sns_flight_md.json
sns_fmv.json
sns_gyro_cal.json
sns_mag_cal.json
sns_offbody_detect_phone.json
sns_pedometer.json
sns_rmd.json
sns_rotv.json
sns_smd.json
sns_tilt.json
sns_tilt_to_wake.json
sns_transport_ppe.json
qsh_ble.json
kaanapali_lsm6dsv_0.json
kaanapali_lsm6dsv_1.json
kaanapali_qrd_lsm6dsv_0.json
kaanapali_mtp_lsm6dsv_0.json
kaanapali_mtp_lsm6dsv_1.json
kaanapali_vertigo_lsm6dsv_1.json
kaanapali_vertigo_lsm6dsv_0.json
kaanapali_hdk_lsm6dsv_0.json
kaanapali_hdk_lsm6dsv_1.json
kaanapali_mtp_mmc56x3x_0.json
kaanapali_hdk_mmc56x3x_0.json
kaanapali_hdk_sx932x_0.json
kaanapali_hdk_tmd3765_0.json
kaanapali_hdk_bu52053nvx_0.json
